// Vitest Snapshot v1

exports[`Fabricated data > locations should match snapshot 1`] = `
{
  "1": {
    "id": 1,
    "name": "Aroma Mocha",
    "tags": [
      "featured",
    ],
  },
  "10": {
    "id": 10,
    "name": "Beany Business",
    "tags": [
      "featured",
    ],
  },
  "11": {
    "id": 11,
    "name": "Impresso Espresso",
    "tags": [],
  },
  "12": {
    "id": 12,
    "name": "The Coffee Club",
    "tags": [],
  },
  "13": {
    "id": 13,
    "name": "Boston Barista",
    "tags": [],
  },
  "14": {
    "id": 14,
    "name": "Jacked Up Coffee",
    "tags": [],
  },
  "15": {
    "id": 15,
    "name": "The Family Bean",
    "tags": [
      "featured",
    ],
  },
  "16": {
    "id": 16,
    "name": "Club Coffee",
    "tags": [],
  },
  "17": {
    "id": 17,
    "name": "Jumpin' Beans Cafe",
    "tags": [],
  },
  "18": {
    "id": 18,
    "name": "The Friendly Bean",
    "tags": [
      "featured",
    ],
  },
  "19": {
    "id": 19,
    "name": "Coffee Express",
    "tags": [],
  },
  "2": {
    "id": 2,
    "name": "Grinders Cafe",
    "tags": [
      "featured",
    ],
  },
  "20": {
    "id": 20,
    "name": "Jumpstart Coffee Shop",
    "tags": [],
  },
  "21": {
    "id": 21,
    "name": "The Grind",
    "tags": [],
  },
  "22": {
    "id": 22,
    "name": "Coffee House",
    "tags": [],
  },
  "23": {
    "id": 23,
    "name": "Lava Java",
    "tags": [],
  },
  "24": {
    "id": 24,
    "name": "The Hideout",
    "tags": [],
  },
  "25": {
    "id": 25,
    "name": "Coffee Time",
    "tags": [],
  },
  "26": {
    "id": 26,
    "name": "Manhattan Mocha",
    "tags": [],
  },
  "27": {
    "id": 27,
    "name": "The Roasted Bean",
    "tags": [],
  },
  "28": {
    "id": 28,
    "name": "Cup o' Joe",
    "tags": [
      "featured",
    ],
  },
  "29": {
    "id": 29,
    "name": "Mugs Coffee",
    "tags": [],
  },
  "3": {
    "id": 3,
    "name": "Steamy Beans Coffee",
    "tags": [],
  },
  "30": {
    "id": 30,
    "name": "The Split Bean",
    "tags": [],
  },
  "31": {
    "id": 31,
    "name": "Dream Bean Coffee Shop",
    "tags": [],
  },
  "32": {
    "id": 32,
    "name": "No Doze Cafe",
    "tags": [],
  },
  "33": {
    "id": 33,
    "name": "The Steam Room",
    "tags": [],
  },
  "34": {
    "id": 34,
    "name": "Espresso Cafe",
    "tags": [
      "featured",
    ],
  },
  "35": {
    "id": 35,
    "name": "Screamin' Beans",
    "tags": [
      "featured",
    ],
  },
  "36": {
    "id": 36,
    "name": "Topped Off",
    "tags": [],
  },
  "37": {
    "id": 37,
    "name": "Espresso Express",
    "tags": [],
  },
  "38": {
    "id": 38,
    "name": "Spiced Chai Cafe",
    "tags": [],
  },
  "39": {
    "id": 39,
    "name": "Wake Up Cafe",
    "tags": [],
  },
  "4": {
    "id": 4,
    "name": "Baristas",
    "tags": [],
  },
  "40": {
    "id": 40,
    "name": "Expresso",
    "tags": [
      "featured",
    ],
  },
  "41": {
    "id": 41,
    "name": "Steam Beans Cafe",
    "tags": [
      "featured",
    ],
  },
  "42": {
    "id": 42,
    "name": "Wide Awake Cafe",
    "tags": [],
  },
  "43": {
    "id": 43,
    "name": "Grind House",
    "tags": [],
  },
  "44": {
    "id": 44,
    "name": "Steamin' Mugs",
    "tags": [
      "featured",
    ],
  },
  "45": {
    "id": 45,
    "name": "Yo Jo Coffee Shop",
    "tags": [],
  },
  "5": {
    "id": 5,
    "name": "Ground Up Cafe",
    "tags": [],
  },
  "6": {
    "id": 6,
    "name": "Tatiana's Cafe",
    "tags": [],
  },
  "7": {
    "id": 7,
    "name": "Beans 'n Cream Cafe",
    "tags": [
      "featured",
    ],
  },
  "8": {
    "id": 8,
    "name": "HuggaMug Cafe",
    "tags": [],
  },
  "9": {
    "id": 9,
    "name": "The Busy Bean",
    "tags": [],
  },
}
`;

exports[`Fabricated data > visits should match snapshot 1`] = `
{
  "1": {
    "date": 1650856588533,
    "id": 1,
    "locationId": 29,
  },
  "10": {
    "date": 1653484033947,
    "id": 10,
    "locationId": 34,
  },
  "100": {
    "date": 1666656330591,
    "id": 100,
    "locationId": 7,
  },
  "11": {
    "date": 1653712306151,
    "id": 11,
    "locationId": 21,
  },
  "12": {
    "date": 1654288171257,
    "id": 12,
    "locationId": 40,
  },
  "13": {
    "date": 1654329352716,
    "id": 13,
    "locationId": 24,
  },
  "14": {
    "date": 1654406862204,
    "id": 14,
    "locationId": 4,
  },
  "15": {
    "date": 1654445679816,
    "id": 15,
    "locationId": 13,
  },
  "16": {
    "date": 1654560099837,
    "id": 16,
    "locationId": 10,
  },
  "17": {
    "date": 1654629708369,
    "id": 17,
    "locationId": 20,
  },
  "18": {
    "date": 1655087256836,
    "id": 18,
    "locationId": 3,
  },
  "19": {
    "date": 1655459117295,
    "id": 19,
    "locationId": 38,
  },
  "2": {
    "date": 1651051526051,
    "id": 2,
    "locationId": 16,
  },
  "20": {
    "date": 1655877188777,
    "id": 20,
    "locationId": 6,
  },
  "21": {
    "date": 1655912896416,
    "id": 21,
    "locationId": 5,
  },
  "22": {
    "date": 1655970801891,
    "id": 22,
    "locationId": 25,
  },
  "23": {
    "date": 1656047814049,
    "id": 23,
    "locationId": 21,
  },
  "24": {
    "date": 1656268786621,
    "id": 24,
    "locationId": 39,
  },
  "25": {
    "date": 1656350211325,
    "id": 25,
    "locationId": 20,
  },
  "26": {
    "date": 1656729267142,
    "id": 26,
    "locationId": 2,
  },
  "27": {
    "date": 1656806948540,
    "id": 27,
    "locationId": 27,
  },
  "28": {
    "date": 1656844969988,
    "id": 28,
    "locationId": 13,
  },
  "29": {
    "date": 1657246364897,
    "id": 29,
    "locationId": 7,
  },
  "3": {
    "date": 1651233608171,
    "id": 3,
    "locationId": 45,
  },
  "30": {
    "date": 1657650750966,
    "id": 30,
    "locationId": 2,
  },
  "31": {
    "date": 1658092595950,
    "id": 31,
    "locationId": 19,
  },
  "32": {
    "date": 1658104644317,
    "id": 32,
    "locationId": 31,
  },
  "33": {
    "date": 1658186758285,
    "id": 33,
    "locationId": 35,
  },
  "34": {
    "date": 1658256880364,
    "id": 34,
    "locationId": 21,
  },
  "35": {
    "date": 1658600544409,
    "id": 35,
    "locationId": 38,
  },
  "36": {
    "date": 1658635994253,
    "id": 36,
    "locationId": 29,
  },
  "37": {
    "date": 1659084733052,
    "id": 37,
    "locationId": 29,
  },
  "38": {
    "date": 1659159408265,
    "id": 38,
    "locationId": 44,
  },
  "39": {
    "date": 1659222492531,
    "id": 39,
    "locationId": 7,
  },
  "4": {
    "date": 1651622658128,
    "id": 4,
    "locationId": 38,
  },
  "40": {
    "date": 1659236773692,
    "id": 40,
    "locationId": 4,
  },
  "41": {
    "date": 1659394960884,
    "id": 41,
    "locationId": 21,
  },
  "42": {
    "date": 1659403323857,
    "id": 42,
    "locationId": 27,
  },
  "43": {
    "date": 1659431511623,
    "id": 43,
    "locationId": 5,
  },
  "44": {
    "date": 1659456253842,
    "id": 44,
    "locationId": 4,
  },
  "45": {
    "date": 1659551767438,
    "id": 45,
    "locationId": 8,
  },
  "46": {
    "date": 1659636346625,
    "id": 46,
    "locationId": 25,
  },
  "47": {
    "date": 1659848521072,
    "id": 47,
    "locationId": 4,
  },
  "48": {
    "date": 1659936004793,
    "id": 48,
    "locationId": 44,
  },
  "49": {
    "date": 1660005126587,
    "id": 49,
    "locationId": 21,
  },
  "5": {
    "date": 1652099232718,
    "id": 5,
    "locationId": 42,
  },
  "50": {
    "date": 1660018024595,
    "id": 50,
    "locationId": 45,
  },
  "51": {
    "date": 1660052212003,
    "id": 51,
    "locationId": 16,
  },
  "52": {
    "date": 1660177707738,
    "id": 52,
    "locationId": 39,
  },
  "53": {
    "date": 1660378687166,
    "id": 53,
    "locationId": 30,
  },
  "54": {
    "date": 1660675030024,
    "id": 54,
    "locationId": 44,
  },
  "55": {
    "date": 1660694719251,
    "id": 55,
    "locationId": 37,
  },
  "56": {
    "date": 1660853067439,
    "id": 56,
    "locationId": 24,
  },
  "57": {
    "date": 1661106367621,
    "id": 57,
    "locationId": 5,
  },
  "58": {
    "date": 1661205264638,
    "id": 58,
    "locationId": 40,
  },
  "59": {
    "date": 1661417421954,
    "id": 59,
    "locationId": 9,
  },
  "6": {
    "date": 1652181243307,
    "id": 6,
    "locationId": 19,
  },
  "60": {
    "date": 1661594983388,
    "id": 60,
    "locationId": 24,
  },
  "61": {
    "date": 1661810072675,
    "id": 61,
    "locationId": 45,
  },
  "62": {
    "date": 1661957113247,
    "id": 62,
    "locationId": 42,
  },
  "63": {
    "date": 1661959000436,
    "id": 63,
    "locationId": 9,
  },
  "64": {
    "date": 1662033537574,
    "id": 64,
    "locationId": 37,
  },
  "65": {
    "date": 1662089115001,
    "id": 65,
    "locationId": 34,
  },
  "66": {
    "date": 1662128607585,
    "id": 66,
    "locationId": 28,
  },
  "67": {
    "date": 1662219256969,
    "id": 67,
    "locationId": 3,
  },
  "68": {
    "date": 1662369902909,
    "id": 68,
    "locationId": 21,
  },
  "69": {
    "date": 1662538803025,
    "id": 69,
    "locationId": 21,
  },
  "7": {
    "date": 1652672061299,
    "id": 7,
    "locationId": 45,
  },
  "70": {
    "date": 1662637150630,
    "id": 70,
    "locationId": 27,
  },
  "71": {
    "date": 1662667047368,
    "id": 71,
    "locationId": 5,
  },
  "72": {
    "date": 1662794616285,
    "id": 72,
    "locationId": 1,
  },
  "73": {
    "date": 1662966892685,
    "id": 73,
    "locationId": 11,
  },
  "74": {
    "date": 1662984270503,
    "id": 74,
    "locationId": 19,
  },
  "75": {
    "date": 1663004267350,
    "id": 75,
    "locationId": 38,
  },
  "76": {
    "date": 1663338117920,
    "id": 76,
    "locationId": 14,
  },
  "77": {
    "date": 1664036448768,
    "id": 77,
    "locationId": 10,
  },
  "78": {
    "date": 1664044264864,
    "id": 78,
    "locationId": 37,
  },
  "79": {
    "date": 1664165894061,
    "id": 79,
    "locationId": 3,
  },
  "8": {
    "date": 1652721055908,
    "id": 8,
    "locationId": 16,
  },
  "80": {
    "date": 1664177385733,
    "id": 80,
    "locationId": 21,
  },
  "81": {
    "date": 1664462381572,
    "id": 81,
    "locationId": 16,
  },
  "82": {
    "date": 1664573660320,
    "id": 82,
    "locationId": 12,
  },
  "83": {
    "date": 1664644417502,
    "id": 83,
    "locationId": 41,
  },
  "84": {
    "date": 1664815465530,
    "id": 84,
    "locationId": 36,
  },
  "85": {
    "date": 1664928189800,
    "id": 85,
    "locationId": 17,
  },
  "86": {
    "date": 1665076241995,
    "id": 86,
    "locationId": 3,
  },
  "87": {
    "date": 1665097366338,
    "id": 87,
    "locationId": 25,
  },
  "88": {
    "date": 1665137044352,
    "id": 88,
    "locationId": 6,
  },
  "89": {
    "date": 1665410887712,
    "id": 89,
    "locationId": 24,
  },
  "9": {
    "date": 1653018267261,
    "id": 9,
    "locationId": 15,
  },
  "90": {
    "date": 1665416076183,
    "id": 90,
    "locationId": 21,
  },
  "91": {
    "date": 1665486269358,
    "id": 91,
    "locationId": 16,
  },
  "92": {
    "date": 1665496367261,
    "id": 92,
    "locationId": 45,
  },
  "93": {
    "date": 1665573640619,
    "id": 93,
    "locationId": 5,
  },
  "94": {
    "date": 1665666174137,
    "id": 94,
    "locationId": 15,
  },
  "95": {
    "date": 1665922680088,
    "id": 95,
    "locationId": 33,
  },
  "96": {
    "date": 1665949428119,
    "id": 96,
    "locationId": 12,
  },
  "97": {
    "date": 1666065724907,
    "id": 97,
    "locationId": 34,
  },
  "98": {
    "date": 1666116372975,
    "id": 98,
    "locationId": 6,
  },
  "99": {
    "date": 1666254225272,
    "id": 99,
    "locationId": 10,
  },
}
`;
